
==============================================================================
【档1 · 语义标签 + head 里写选择器】home.html（2596 字符）
==============================================================================
┌─────────┬──────────┬──────────┬──────┬──────────────────────┬─────────────┬──────────┬─────┐
│ (index) │ 选择器   │ 实际标签 │ 个数 │ 背景色               │ padding     │ 纵向位置 │ 高  │
├─────────┼──────────┼──────────┼──────┼──────────────────────┼─────────────┼──────────┼─────┤
│ 0       │ 'header' │ 'header' │ 1    │ 'rgb(247, 230, 230)' │ '14px 20px' │ 0        │ 202 │
│ 1       │ 'nav'    │ 'nav'    │ 1    │ 'rgb(227, 238, 247)' │ '14px 20px' │ 202      │ 57  │
│ 2       │ 'main'   │ 'main'   │ 1    │ 'rgb(233, 245, 228)' │ '14px 20px' │ 259      │ 351 │
│ 3       │ 'aside'  │ 'aside'  │ 1    │ 'rgb(251, 244, 220)' │ '14px 20px' │ 610      │ 413 │
│ 4       │ 'footer' │ 'footer' │ 1    │ 'rgb(236, 232, 247)' │ '14px 20px' │ 1023     │ 89  │
└─────────┴──────────┴──────────┴──────┴──────────────────────┴─────────────┴──────────┴─────┘
{
  '段数': 3,
  '每段字数': [ 88, 90, 76 ],
  'li数': 5,
  '链接数': 5,
  '页脚文字': '© 张三 · 2026-09-29 · 用 HTML 手写',
  '图片': [
    {
      src: 'avatar.jpg',
      alt: '张三的头像',
      width: '120',
      height: '120',
      '加载成功': false,
      '屏幕上是': '张三的头像'
    },
    {
      src: 'photo.jpg',
      alt: '主页封面图（src 指向的文件不存在时，这段字会顶上来）',
      width: '240',
      height: '160',
      '加载成功': false,
      '屏幕上是': '主页封面图（src 指向的文件不存在时，这段字会顶上来）'
    }
  ],
  doctype: 'html',
  'style在head': true,
  'style在body': false
}
┌─────────┬────────────┬──────────┬──────────────────────────┬────────┬──────────────┬────────────┬───────────────────────────────────────────────────┬──────┬──────────────────┐
│ (index) │ 删掉第几个 │ 块       │ 方式                     │ 目标剩 │ 其余四块还在 │ 正文还有字 │ body子元素                                        │ 报错 │ 判定             │
├─────────┼────────────┼──────────┼──────────────────────────┼────────┼──────────────┼────────────┼───────────────────────────────────────────────────┼──────┼──────────────────┤
│ 0       │ 0          │ 'header' │ '剥壳（去标签留内容）'   │ 0      │ 4            │ 406        │ 'h1,p,img,nav,main,aside,footer'                  │ '无' │ 'PASS(照常渲染)' │
│ 1       │ 0          │ 'header' │ '整块删（连内容一起删）' │ 0      │ 4            │ 383        │ 'nav,main,aside,footer'                           │ '无' │ 'PASS(照常渲染)' │
│ 2       │ 1          │ 'nav'    │ '剥壳（去标签留内容）'   │ 0      │ 4            │ 406        │ 'header,a,span,a,span,a,span,a,main,aside,footer' │ '无' │ 'PASS(照常渲染)' │
│ 3       │ 1          │ 'nav'    │ '整块删（连内容一起删）' │ 0      │ 4            │ 394        │ 'header,main,aside,footer'                        │ '无' │ 'PASS(照常渲染)' │
│ 4       │ 2          │ 'main'   │ '剥壳（去标签留内容）'   │ 0      │ 4            │ 406        │ 'header,nav,h2,p,p,p,img,aside,footer'            │ '无' │ 'PASS(照常渲染)' │
│ 5       │ 2          │ 'main'   │ '整块删（连内容一起删）' │ 0      │ 4            │ 153        │ 'header,nav,aside,footer'                         │ '无' │ 'PASS(照常渲染)' │
│ 6       │ 3          │ 'aside'  │ '剥壳（去标签留内容）'   │ 0      │ 4            │ 406        │ 'header,nav,main,h2,ul,h3,ol,footer'              │ '无' │ 'PASS(照常渲染)' │
│ 7       │ 3          │ 'aside'  │ '整块删（连内容一起删）' │ 0      │ 4            │ 310        │ 'header,nav,main,footer'                          │ '无' │ 'PASS(照常渲染)' │
│ 8       │ 4          │ 'footer' │ '剥壳（去标签留内容）'   │ 0      │ 4            │ 406        │ 'header,nav,main,aside,p'                         │ '无' │ 'PASS(照常渲染)' │
│ 9       │ 4          │ 'footer' │ '整块删（连内容一起删）' │ 0      │ 4            │ 384        │ 'header,nav,main,aside'                           │ '无' │ 'PASS(照常渲染)' │
└─────────┴────────────┴──────────┴──────────────────────────┴────────┴──────────────┴────────────┴───────────────────────────────────────────────────┴──────┴──────────────────┘

==============================================================================
【档0 · 语义标签 + 只用 style 属性】home-min.html（2761 字符）
==============================================================================
┌─────────┬──────────┬──────────┬──────┬──────────────────────┬─────────────┬──────────┬─────┐
│ (index) │ 选择器   │ 实际标签 │ 个数 │ 背景色               │ padding     │ 纵向位置 │ 高  │
├─────────┼──────────┼──────────┼──────┼──────────────────────┼─────────────┼──────────┼─────┤
│ 0       │ 'header' │ 'header' │ 1    │ 'rgb(247, 230, 230)' │ '14px 20px' │ 0        │ 202 │
│ 1       │ 'nav'    │ 'nav'    │ 1    │ 'rgb(227, 238, 247)' │ '14px 20px' │ 202      │ 57  │
│ 2       │ 'main'   │ 'main'   │ 1    │ 'rgb(233, 245, 228)' │ '14px 20px' │ 259      │ 351 │
│ 3       │ 'aside'  │ 'aside'  │ 1    │ 'rgb(251, 244, 220)' │ '14px 20px' │ 610      │ 413 │
│ 4       │ 'footer' │ 'footer' │ 1    │ 'rgb(236, 232, 247)' │ '14px 20px' │ 1023     │ 89  │
└─────────┴──────────┴──────────┴──────┴──────────────────────┴─────────────┴──────────┴─────┘
{
  '段数': 3,
  '每段字数': [ 90, 90, 78 ],
  'li数': 5,
  '链接数': 5,
  '页脚文字': '© 张三 · 2026-09-29 · 用 HTML 手写',
  '图片': [
    {
      src: 'avatar.jpg',
      alt: '张三的头像',
      width: '120',
      height: '120',
      '加载成功': false,
      '屏幕上是': '张三的头像'
    },
    {
      src: 'photo.jpg',
      alt: '主页封面图（src 指向的文件不存在时，这段字会顶上来）',
      width: '240',
      height: '160',
      '加载成功': false,
      '屏幕上是': '主页封面图（src 指向的文件不存在时，这段字会顶上来）'
    }
  ],
  doctype: 'html',
  'style在head': false,
  'style在body': false
}
┌─────────┬────────────┬──────────┬──────────────────────────┬────────┬──────────────┬────────────┬───────────────────────────────────────────────────┬──────┬──────────────────┐
│ (index) │ 删掉第几个 │ 块       │ 方式                     │ 目标剩 │ 其余四块还在 │ 正文还有字 │ body子元素                                        │ 报错 │ 判定             │
├─────────┼────────────┼──────────┼──────────────────────────┼────────┼──────────────┼────────────┼───────────────────────────────────────────────────┼──────┼──────────────────┤
│ 0       │ 0          │ 'header' │ '剥壳（去标签留内容）'   │ 0      │ 4            │ 404        │ 'h1,p,img,nav,main,aside,footer'                  │ '无' │ 'PASS(照常渲染)' │
│ 1       │ 0          │ 'header' │ '整块删（连内容一起删）' │ 0      │ 4            │ 381        │ 'nav,main,aside,footer'                           │ '无' │ 'PASS(照常渲染)' │
│ 2       │ 1          │ 'nav'    │ '剥壳（去标签留内容）'   │ 0      │ 4            │ 404        │ 'header,a,span,a,span,a,span,a,main,aside,footer' │ '无' │ 'PASS(照常渲染)' │
│ 3       │ 1          │ 'nav'    │ '整块删（连内容一起删）' │ 0      │ 4            │ 392        │ 'header,main,aside,footer'                        │ '无' │ 'PASS(照常渲染)' │
│ 4       │ 2          │ 'main'   │ '剥壳（去标签留内容）'   │ 0      │ 4            │ 404        │ 'header,nav,h2,p,p,p,img,aside,footer'            │ '无' │ 'PASS(照常渲染)' │
│ 5       │ 2          │ 'main'   │ '整块删（连内容一起删）' │ 0      │ 4            │ 151        │ 'header,nav,aside,footer'                         │ '无' │ 'PASS(照常渲染)' │
│ 6       │ 3          │ 'aside'  │ '剥壳（去标签留内容）'   │ 0      │ 4            │ 404        │ 'header,nav,main,h2,ul,h3,ol,footer'              │ '无' │ 'PASS(照常渲染)' │
│ 7       │ 3          │ 'aside'  │ '整块删（连内容一起删）' │ 0      │ 4            │ 310        │ 'header,nav,main,footer'                          │ '无' │ 'PASS(照常渲染)' │
│ 8       │ 4          │ 'footer' │ '剥壳（去标签留内容）'   │ 0      │ 4            │ 404        │ 'header,nav,main,aside,p'                         │ '无' │ 'PASS(照常渲染)' │
│ 9       │ 4          │ 'footer' │ '整块删（连内容一起删）' │ 0      │ 4            │ 382        │ 'header,nav,main,aside'                           │ '无' │ 'PASS(照常渲染)' │
└─────────┴────────────┴──────────┴──────────────────────────┴────────┴──────────────┴────────────┴───────────────────────────────────────────────────┴──────┴──────────────────┘

==============================================================================
【档2 · div + class（书第 11 章路线）】home-alt.html（3249 字符）
==============================================================================
┌─────────┬────────────────┬──────────┬──────┬──────────────────────┬─────────────┬──────────┬─────┐
│ (index) │ 选择器         │ 实际标签 │ 个数 │ 背景色               │ padding     │ 纵向位置 │ 高  │
├─────────┼────────────────┼──────────┼──────┼──────────────────────┼─────────────┼──────────┼─────┤
│ 0       │ '#page-header' │ 'div'    │ 1    │ 'rgb(247, 230, 230)' │ '14px 20px' │ 0        │ 202 │
│ 1       │ '#page-nav'    │ 'div'    │ 1    │ 'rgb(227, 238, 247)' │ '14px 20px' │ 202      │ 57  │
│ 2       │ '#page-main'   │ 'div'    │ 1    │ 'rgb(233, 245, 228)' │ '14px 20px' │ 259      │ 351 │
│ 3       │ '#page-aside'  │ 'div'    │ 1    │ 'rgb(251, 244, 220)' │ '14px 20px' │ 610      │ 413 │
│ 4       │ '#page-footer' │ 'div'    │ 1    │ 'rgb(236, 232, 247)' │ '14px 20px' │ 1023     │ 89  │
└─────────┴────────────────┴──────────┴──────┴──────────────────────┴─────────────┴──────────┴─────┘
{
  '段数': 3,
  '每段字数': [ 80, 81, 87 ],
  'li数': 5,
  '链接数': 5,
  '页脚文字': '© 张三 · 2026-09-29 · 用 HTML 手写',
  '图片': [
    {
      src: 'avatar.jpg',
      alt: '张三的头像',
      width: '120',
      height: '120',
      '加载成功': false,
      '屏幕上是': '张三的头像'
    },
    {
      src: 'photo.jpg',
      alt: '主页封面图（src 指向的文件不存在时，这段字会顶上来）',
      width: '240',
      height: '160',
      '加载成功': false,
      '屏幕上是': '主页封面图（src 指向的文件不存在时，这段字会顶上来）'
    }
  ],
  doctype: 'html',
  'style在head': true,
  'style在body': false
}
┌─────────┬────────────┬────────────────┬──────────────────────────┬────────┬──────────────┬────────────┬──────────────────────────────────────────┬──────┬──────────────────┐
│ (index) │ 删掉第几个 │ 块             │ 方式                     │ 目标剩 │ 其余四块还在 │ 正文还有字 │ body子元素                               │ 报错 │ 判定             │
├─────────┼────────────┼────────────────┼──────────────────────────┼────────┼──────────────┼────────────┼──────────────────────────────────────────┼──────┼──────────────────┤
│ 0       │ 0          │ '#page-header' │ '剥壳（去标签留内容）'   │ 0      │ 4            │ 425        │ 'h1,p,img,div,div,div,div'               │ '无' │ 'PASS(照常渲染)' │
│ 1       │ 0          │ '#page-header' │ '整块删（连内容一起删）' │ 0      │ 4            │ 380        │ 'div,div,div,div'                        │ '无' │ 'PASS(照常渲染)' │
│ 2       │ 1          │ '#page-nav'    │ '剥壳（去标签留内容）'   │ 0      │ 4            │ 425        │ 'div,a,span,a,span,a,span,a,div,div,div' │ '无' │ 'PASS(照常渲染)' │
│ 3       │ 1          │ '#page-nav'    │ '整块删（连内容一起删）' │ 0      │ 4            │ 413        │ 'div,div,div,div'                        │ '无' │ 'PASS(照常渲染)' │
│ 4       │ 2          │ '#page-main'   │ '剥壳（去标签留内容）'   │ 0      │ 4            │ 425        │ 'div,div,h2,p,p,p,img,div,div'           │ '无' │ 'PASS(照常渲染)' │
│ 5       │ 2          │ '#page-main'   │ '整块删（连内容一起删）' │ 0      │ 4            │ 189        │ 'div,div,div,div'                        │ '无' │ 'PASS(照常渲染)' │
│ 6       │ 3          │ '#page-aside'  │ '剥壳（去标签留内容）'   │ 0      │ 4            │ 425        │ 'div,div,div,h2,ul,h3,ol,div'            │ '无' │ 'PASS(照常渲染)' │
│ 7       │ 3          │ '#page-aside'  │ '整块删（连内容一起删）' │ 0      │ 4            │ 315        │ 'div,div,div,div'                        │ '无' │ 'PASS(照常渲染)' │
│ 8       │ 4          │ '#page-footer' │ '剥壳（去标签留内容）'   │ 0      │ 4            │ 425        │ 'div,div,div,div,p'                      │ '无' │ 'PASS(照常渲染)' │
│ 9       │ 4          │ '#page-footer' │ '整块删（连内容一起删）' │ 0      │ 4            │ 403        │ 'div,div,div,div'                        │ '无' │ 'PASS(照常渲染)' │
└─────────┴────────────┴────────────────┴──────────────────────────┴────────┴──────────────┴────────────┴──────────────────────────────────────────┴──────┴──────────────────┘

==============================================================================
汇总
==============================================================================
┌─────────┬─────────────────┬──────────┬─────────────────────────────────────────────┬────────┬──────────────────────────────────────────────────────────────────────────────────────────────────────────┐
│ (index) │ 文件            │ 组       │ 验收点                                      │ 判定   │ 证据                                                                                                     │
├─────────┼─────────────────┼──────────┼─────────────────────────────────────────────┼────────┼──────────────────────────────────────────────────────────────────────────────────────────────────────────┤
│ 0       │ 'home.html'     │ '验收1'  │ '五个区块各出现且仅出现一次'                │ 'PASS' │ 'header×1 nav×1 main×1 aside×1 footer×1'                                                                 │
│ 1       │ 'home.html'     │ '验收1'  │ '五块底色互不相同且不透明'                  │ 'PASS' │ 'rgb(247, 230, 230) / rgb(227, 238, 247) / rgb(233, 245, 228) / rgb(251, 244, 220) / rgb(236, 232, 247)' │
│ 2       │ 'home.html'     │ '验收1'  │ '五块自上而下成横条（纵向递增）'            │ 'PASS' │ '0 < 202 < 259 < 610 < 1023'                                                                             │
│ 3       │ 'home.html'     │ '验收1'  │ '五块都有 padding（边界看得清）'            │ 'PASS' │ '14px 20px / 14px 20px / 14px 20px / 14px 20px / 14px 20px'                                              │
│ 4       │ 'home.html'     │ '要点2'  │ '主内容里有 3 段 <p>'                       │ 'PASS' │ '段数=3 字数=88/90/76'                                                                                   │
│ 5       │ 'home.html'     │ '要点2'  │ '侧栏是列表且每项都是链接'                  │ 'PASS' │ 'li=5 a=5'                                                                                               │
│ 6       │ 'home.html'     │ '要点3'  │ '页脚写了 © 你的名字'                       │ 'PASS' │ '© 张三 · 2026-09-29 · 用 HTML 手写'                                                                     │
│ 7       │ 'home.html'     │ '知识点' │ 'DOCTYPE 存在'                              │ 'PASS' │ 'html'                                                                                                   │
│ 8       │ 'home.html'     │ '知识点' │ 'img 带齐 src/alt/width/height'             │ 'PASS' │ 'avatar.jpg 120x120 | photo.jpg 240x160'                                                                 │
│ 9       │ 'home.html'     │ '知识点' │ 'src 失效时 alt 顶上（断图可读）'           │ 'PASS' │ '张三的头像 | 主页封面图（src 指向的文件不存在时，这段字会顶上来）'                                      │
│ 10      │ 'home.html'     │ '知识点' │ '<style> 只放 head 里（档0/档2 才查）'      │ 'PASS' │ 'head=true body=false'                                                                                   │
│ 11      │ 'home.html'     │ '验收2'  │ '删掉任一区块标签后仍照常渲染（10 种删法）' │ 'PASS' │ '全部通过'                                                                                               │
│ 12      │ 'home.html'     │ '验收2'  │ '删标签后页面零脚本报错'                    │ 'PASS' │ '无|无|无|无|无|无|无|无|无|无'                                                                          │
│ 13      │ 'home-min.html' │ '验收1'  │ '五个区块各出现且仅出现一次'                │ 'PASS' │ 'header×1 nav×1 main×1 aside×1 footer×1'                                                                 │
│ 14      │ 'home-min.html' │ '验收1'  │ '五块底色互不相同且不透明'                  │ 'PASS' │ 'rgb(247, 230, 230) / rgb(227, 238, 247) / rgb(233, 245, 228) / rgb(251, 244, 220) / rgb(236, 232, 247)' │
│ 15      │ 'home-min.html' │ '验收1'  │ '五块自上而下成横条（纵向递增）'            │ 'PASS' │ '0 < 202 < 259 < 610 < 1023'                                                                             │
│ 16      │ 'home-min.html' │ '验收1'  │ '五块都有 padding（边界看得清）'            │ 'PASS' │ '14px 20px / 14px 20px / 14px 20px / 14px 20px / 14px 20px'                                              │
│ 17      │ 'home-min.html' │ '要点2'  │ '主内容里有 3 段 <p>'                       │ 'PASS' │ '段数=3 字数=90/90/78'                                                                                   │
│ 18      │ 'home-min.html' │ '要点2'  │ '侧栏是列表且每项都是链接'                  │ 'PASS' │ 'li=5 a=5'                                                                                               │
│ 19      │ 'home-min.html' │ '要点3'  │ '页脚写了 © 你的名字'                       │ 'PASS' │ '© 张三 · 2026-09-29 · 用 HTML 手写'                                                                     │
│ 20      │ 'home-min.html' │ '知识点' │ 'DOCTYPE 存在'                              │ 'PASS' │ 'html'                                                                                                   │
│ 21      │ 'home-min.html' │ '知识点' │ 'img 带齐 src/alt/width/height'             │ 'PASS' │ 'avatar.jpg 120x120 | photo.jpg 240x160'                                                                 │
│ 22      │ 'home-min.html' │ '知识点' │ 'src 失效时 alt 顶上（断图可读）'           │ 'PASS' │ '张三的头像 | 主页封面图（src 指向的文件不存在时，这段字会顶上来）'                                      │
│ 23      │ 'home-min.html' │ '知识点' │ '<style> 只放 head 里（档0/档2 才查）'      │ 'PASS' │ 'head=false body=false'                                                                                  │
│ 24      │ 'home-min.html' │ '验收2'  │ '删掉任一区块标签后仍照常渲染（10 种删法）' │ 'PASS' │ '全部通过'                                                                                               │
│ 25      │ 'home-min.html' │ '验收2'  │ '删标签后页面零脚本报错'                    │ 'PASS' │ '无|无|无|无|无|无|无|无|无|无'                                                                          │
│ 26      │ 'home-alt.html' │ '验收1'  │ '五个区块各出现且仅出现一次'                │ 'PASS' │ '#page-header×1 #page-nav×1 #page-main×1 #page-aside×1 #page-footer×1'                                   │
│ 27      │ 'home-alt.html' │ '验收1'  │ '五块底色互不相同且不透明'                  │ 'PASS' │ 'rgb(247, 230, 230) / rgb(227, 238, 247) / rgb(233, 245, 228) / rgb(251, 244, 220) / rgb(236, 232, 247)' │
│ 28      │ 'home-alt.html' │ '验收1'  │ '五块自上而下成横条（纵向递增）'            │ 'PASS' │ '0 < 202 < 259 < 610 < 1023'                                                                             │
│ 29      │ 'home-alt.html' │ '验收1'  │ '五块都有 padding（边界看得清）'            │ 'PASS' │ '14px 20px / 14px 20px / 14px 20px / 14px 20px / 14px 20px'                                              │
│ 30      │ 'home-alt.html' │ '要点2'  │ '主内容里有 3 段 <p>'                       │ 'PASS' │ '段数=3 字数=80/81/87'                                                                                   │
│ 31      │ 'home-alt.html' │ '要点2'  │ '侧栏是列表且每项都是链接'                  │ 'PASS' │ 'li=5 a=5'                                                                                               │
│ 32      │ 'home-alt.html' │ '要点3'  │ '页脚写了 © 你的名字'                       │ 'PASS' │ '© 张三 · 2026-09-29 · 用 HTML 手写'                                                                     │
│ 33      │ 'home-alt.html' │ '知识点' │ 'DOCTYPE 存在'                              │ 'PASS' │ 'html'                                                                                                   │
│ 34      │ 'home-alt.html' │ '知识点' │ 'img 带齐 src/alt/width/height'             │ 'PASS' │ 'avatar.jpg 120x120 | photo.jpg 240x160'                                                                 │
│ 35      │ 'home-alt.html' │ '知识点' │ 'src 失效时 alt 顶上（断图可读）'           │ 'PASS' │ '张三的头像 | 主页封面图（src 指向的文件不存在时，这段字会顶上来）'                                      │
│ 36      │ 'home-alt.html' │ '知识点' │ '<style> 只放 head 里（档0/档2 才查）'      │ 'PASS' │ 'head=true body=false'                                                                                   │
│ 37      │ 'home-alt.html' │ '验收2'  │ '删掉任一区块标签后仍照常渲染（10 种删法）' │ 'PASS' │ '全部通过'                                                                                               │
│ 38      │ 'home-alt.html' │ '验收2'  │ '删标签后页面零脚本报错'                    │ 'PASS' │ '无|无|无|无|无|无|无|无|无|无'                                                                          │
└─────────┴─────────────────┴──────────┴─────────────────────────────────────────────┴────────┴──────────────────────────────────────────────────────────────────────────────────────────────────────────┘
home.html: PASS 13 / 13
home-min.html: PASS 13 / 13
home-alt.html: PASS 13 / 13

总计：PASS 39 / 39
明细已落盘：C:\Users\25088\Documents\kimi\study\_verify_home3.json
